---
source: crates/oxc_formatter_json/tests/fixtures/mod.rs
---
==================== Input ====================
// just a line comment

==================== Output ====================
------------------
{ printWidth: 80 }
------------------
// just a line comment

-------------------
{ printWidth: 100 }
-------------------
// just a line comment

===================== End =====================
